// Jest Snapshot v1, https://goo.gl/fbAQLP

exports[`Order view tests Snapshot matches 1`] = `
ShallowWrapper {
  Symbol(enzyme.__root__): [Circular],
  Symbol(enzyme.__unrendered__): <OrderView
    book={
        Object {
            "name": "Book title",
          }
    }
/>,
  Symbol(enzyme.__renderer__): Object {
    "batchedUpdates": [Function],
    "checkPropTypes": [Function],
    "getNode": [Function],
    "render": [Function],
    "simulateError": [Function],
    "simulateEvent": [Function],
    "unmount": [Function],
  },
  Symbol(enzyme.__node__): Object {
    "instance": null,
    "key": undefined,
    "nodeType": "host",
    "props": Object {
      "children": Array [
        <div
          className="col-8"
>
          <span>
                    Book title
          </span>
</div>,
        <div
          className="col-4"
>
          <button
                    className="btn btn-danger"
                    onClick={[Function]}
          >
                    Remove
          </button>
</div>,
      ],
      "className": "orderView row",
    },
    "ref": null,
    "rendered": Array [
      Object {
        "instance": null,
        "key": undefined,
        "nodeType": "host",
        "props": Object {
          "children": <span>
            Book title
</span>,
          "className": "col-8",
        },
        "ref": null,
        "rendered": Object {
          "instance": null,
          "key": undefined,
          "nodeType": "host",
          "props": Object {
            "children": "Book title",
          },
          "ref": null,
          "rendered": "Book title",
          "type": "span",
        },
        "type": "div",
      },
      Object {
        "instance": null,
        "key": undefined,
        "nodeType": "host",
        "props": Object {
          "children": <button
            className="btn btn-danger"
            onClick={[Function]}
>
            Remove
</button>,
          "className": "col-4",
        },
        "ref": null,
        "rendered": Object {
          "instance": null,
          "key": undefined,
          "nodeType": "host",
          "props": Object {
            "children": "Remove",
            "className": "btn btn-danger",
            "onClick": [Function],
          },
          "ref": null,
          "rendered": "Remove",
          "type": "button",
        },
        "type": "div",
      },
    ],
    "type": "div",
  },
  Symbol(enzyme.__nodes__): Array [
    Object {
      "instance": null,
      "key": undefined,
      "nodeType": "host",
      "props": Object {
        "children": Array [
          <div
            className="col-8"
>
            <span>
                        Book title
            </span>
</div>,
          <div
            className="col-4"
>
            <button
                        className="btn btn-danger"
                        onClick={[Function]}
            >
                        Remove
            </button>
</div>,
        ],
        "className": "orderView row",
      },
      "ref": null,
      "rendered": Array [
        Object {
          "instance": null,
          "key": undefined,
          "nodeType": "host",
          "props": Object {
            "children": <span>
              Book title
</span>,
            "className": "col-8",
          },
          "ref": null,
          "rendered": Object {
            "instance": null,
            "key": undefined,
            "nodeType": "host",
            "props": Object {
              "children": "Book title",
            },
            "ref": null,
            "rendered": "Book title",
            "type": "span",
          },
          "type": "div",
        },
        Object {
          "instance": null,
          "key": undefined,
          "nodeType": "host",
          "props": Object {
            "children": <button
              className="btn btn-danger"
              onClick={[Function]}
>
              Remove
</button>,
            "className": "col-4",
          },
          "ref": null,
          "rendered": Object {
            "instance": null,
            "key": undefined,
            "nodeType": "host",
            "props": Object {
              "children": "Remove",
              "className": "btn btn-danger",
              "onClick": [Function],
            },
            "ref": null,
            "rendered": "Remove",
            "type": "button",
          },
          "type": "div",
        },
      ],
      "type": "div",
    },
  ],
  Symbol(enzyme.__options__): Object {
    "adapter": ReactSixteenAdapter {
      "options": Object {
        "enableComponentDidUpdateOnSetState": true,
        "legacyContextMode": "parent",
        "lifecycles": Object {
          "componentDidUpdate": Object {
            "onSetState": true,
          },
          "getChildContext": Object {
            "calledByRenderer": false,
          },
          "getDerivedStateFromProps": true,
          "getSnapshotBeforeUpdate": true,
          "setState": Object {
            "skipsComponentDidUpdateOnNullish": true,
          },
        },
      },
    },
  },
}
`;
